Connection: 127.0.0.1:56090 - 127.0.0.1:3306

Connection: 127.0.0.1:56088 - 127.0.0.1:3306

Connection: 127.0.0.1:56086 - 127.0.0.1:3306

Connection: 127.0.0.1:56084 - 127.0.0.1:3306

Connection: 127.0.0.1:56082 - 127.0.0.1:3306

Connection: 127.0.0.1:56080 - 127.0.0.1:3306

Connection: 127.0.0.1:56078 - 127.0.0.1:3306

Connection: 127.0.0.1:56076 - 127.0.0.1:3306

Connection: 127.0.0.1:56074 - 127.0.0.1:3306

Connection: 127.0.0.1:56072 - 127.0.0.1:3306

Connection: 127.0.0.1:56094 - 127.0.0.1:3306

Type: Error
<no value>: Host '127.0.0.1' is not allowed to connect to this MySQL server


